// Jest Snapshot v1, https://goo.gl/fbAQLP

exports[`Probamos el componente <Nav /> deber√≠a mostrar <Nav /> correctamente 1`] = `ShallowWrapper {}`;
